{
  "nodes": [
    {
      "id": "000001",
      "title": "Old shared decision",
      "status": "superseded",
      "binding": false
    },
    {
      "id": "000002",
      "title": "Split successor A",
      "status": "accepted",
      "binding": true
    },
    {
      "id": "000003",
      "title": "Split successor B",
      "status": "accepted",
      "binding": true
    }
  ],
  "links": [
    {
      "source": "000002",
      "target": "000001",
      "type": "supersedes"
    },
    {
      "source": "000003",
      "target": "000001",
      "type": "supersedes"
    }
  ]
}
