{
  "nodes": [
    {
      "id": "000001",
      "title": "A very long first decision title exceeding forty characters",
      "status": "superseded",
      "binding": false
    },
    {
      "id": "000002",
      "title": "Second \"quoted\" decision",
      "status": "superseded",
      "binding": false
    },
    {
      "id": "000003",
      "title": "Third decision",
      "status": "accepted",
      "binding": true
    }
  ],
  "links": [
    {
      "source": "000002",
      "target": "000001",
      "type": "supersedes"
    },
    {
      "source": "000003",
      "target": "000002",
      "type": "supersedes"
    }
  ]
}
